Perhatikan gambar dibawah. Untuk dapat setting dan merubah password admin client, maka admin harus setting pada ?|Client > Set Client > Blok Drive|Client > Fungsi Client > Set Fungsi Client|Client > Security Client > Security|Client > Security Client > Password|D|2001|2000|2200
Pada gambar dibawah dilihatkan salah satu fitur pika billing yang berfungsi untuk ?|Menentukan Path Installasi|Memblok Drive|Mendisable Drive|Menghapus Drive|B|2003|2002|2201
Gambar dibawah merupakan tampilan dari Fitur ?|Jalankan Program|Exclusions Program|Stop Program|Blok Program|D|2005|2004|2202
Gambar dibawah merupakan tampilan dari salah satu fitur pika billing. Fitur tersebut adalah ?|Fitur Notice|Detail Biaya|Total Harga|Laporan Penjualan|B|2007|2006|2203
Informasi pada gambar dibawah merupakan fungsi dari ?|Informasi Software Client|Informasi Hardware Client|Informasi Client|Informasi Operating System|B|2009|2008|2204
Informasi pada gambar dibawah merupakan fungsi fitur dari ?|Informasi Hardware Client|Informasi Client|Informasi Software Client|Informasi Operating System|C|2037|2036|2218
Untuk mengatur klasifikasi setiap PC client seperti digambar, maka yang harus dilakukan adalah ?|Melakukan setting server pada server manajemen|Melakukan setting pada Atur PC|Melakukan setting pada fungsi client|Melakukan setting pada set client|D|2013|2012|2206
Untuk dapat merubah tampilan table Scrollbar seperti gambar dibawah. Maka admin harus melakukan ?|Server Manajemen > Set Server > Set Basic|Client > Konfigurasi Client > Set Client > Lihat table|Ctrl + S|Jawaban B & C Benar|D|2039|2038|2219
Pada gambar dibawah, apa yang akan terjadi apabila di klik ?|Menutup program Google Chrome pada PC kosong|Menutup program Google Chrome pada Semua PC|Membuka program Google Chrome pada PC kosong|Membuka program Google Chrome pada Semua PC|D|2011|2010|2205
Perhatikan Gambar dibawah. Apa yang akan terjadi bila di klik ?|Pika client akan Stop|Pika client akan Pause|Pika client akan Maximize|Pika client akan Minimize|D|2017|2016|2208
Gambar dibawah merupakan Fungsi untuk ?|Login dengan Mulai Paket|Login dengan Mulai Pakai Gratis|Login dengan Mulai Paket Member|Login dengan Mulai Postpay|B|2019|2018|2209
Sebutkan fitur apa saja yang terdapat pada gambar dibawah ?|Waktu pakai, Dapat Minimize dan Informasi Point|Pindah PC, Setting Resolusi, dan logout PC|Blok Member, Setting wallpaper dan screen saver|Blok Drive, Setting IP address, dan Setting Harga|A|2021|2020|2210
Pada gambar dibawah menunjukkan salah satu fitur Pika billing. Berfungsi untuk ?|Untuk stop paket|Untuk mulai paket|Untuk berhenti sementara paket|Untuk menambahkan paket|C|2023|2022|2211
Shortcut Keys adalah tombol pintas yang lebih mudah dan cepat yang dapat mempermudah user. Dari gambar dibawah Shorcut keys ( CTRL + B ) berfungsi untuk apakah ?|Pilih PC yang digunakan|Pilih Semua PC|Pilih PC yang tidak digunakan|Batal Pilih semua PC|C|2025|2024|2212
Fungsi fitur dibawah yang ditandai oleh cursor mouse berguna untuk ?|Berhenti / stop|Pindah PC ke PC lain|Stop sementara|Lihat biaya|B|2027|2026|2213
Perhatikan gambar dibawah. Pada cursor mouse menunjukkan fungsi untuk ?|Setting Resolusi Layar|Setting Volume|Setting Mouse|Setting brightness dan Contrast|A|2029|2028|2214
Salah satu fitur yang terdapat pada Pika Billing adalah dapat membatasi penggunaan dan pengaturan system pada client. Terletak pada bagian apakah fitur tersebut ?|Security Client|Blok Drive|Server Manajemen|Set Server|A|2031|2030|2215
Set Wallpaper berfungsi untuk mengganti tampilan login di client. Terletak dimanakah fungsi set Wallpaper tersebut ?|Set Client|Atur Client|Fungsi Client|Security Client|C|2035|2034|2217
Perhatikan gambar dibawah berfungsi untuk ?|Manajemen IP address|Bandwidth Manajemen|Blok Drive|Setting IP address|D|2033|2032|2216
Perhatikan gambar dibawah. Untuk menampilkan tombol logout pada pika client, maka yang harus dilakukan adalah ?|Option client display > logout client|Set fungsi client > logout di komputer client|Set login screen > logout di komputer client|Opsi tambahan > logout dari client|B|2015|2014|2207
Bagaimana cara menampilkan fitur daftar member pada pc client ?|Client > konfigurasi client > fungsi client > set login screen > ceklist blok daftar member|Client > konfigurasi client > fungsi client > set login screen > ceklist daftar member|Client > konfigurasi client > fungsi client > set login screen > unceklist blok daftar member|Client > konfigurasi client > fungsi client > set login screen > unceklist daftar member|C|2332|2331|2351
Sebutkan status client pada gambar di bawah ini ?|Client main gratis|Client on|Client pindah PC|Client tidak konek|D|2334|2333|2352
Sebutkan submenu yang terdapat pada fungsi client ?|Set client, fungsi client, option client, option tambahan|Set client, set login screen, option tambahan, option client display|Option client display, option tambahan, option reboot, option client|Salah semua|B|2336|2335|2353
Bagaimana cara untuk masuk pada halaman admin client ?|Ctrl + shift + alt + z|Ctrl + shift + alt + x|Ctrl + shift + alt + c|Ctrl + shift + alt + a|B|2338|2337|2354
Berapa banyak jumlah semua pc dan jumlah kolom yang dapat dibuat pada pikabilling ?|100 dan 15|200 dan 15|300 dan 15|400 dan 15|C|2340|2339|2355
Sebutkan menu yang berada pada konfigurasi client ?|Set client, fungsi client, security client, blok program|Mulai gratis, reboot pc, shutdown pc, turn on client|Set admin, set server, tutup buku, ganti admin|Update client, set basic, set ip address, pilih client|A|2342|2341|2356
fitur apakah pada gambar dibawah ?|Notice perbaikan|Wake on line pc|Remote pc client|A & B benar|C|2344|2343|2357
Sebutkan maksimal dan minimum banyak table size pada pika billing ?|100 dan 70|120 dan 70|100 dan 76|120 dan 76|D|2346|2345|2358
Sebutkan jenis jenis tampilan table yang ada pada pika billing ?|Fullscreen, minimize, grid, custom|Custom, grid, scrollbar, maximize|Scrollbar, custom, fullscreen, grid|Salah semua|C|2348|2347|2359
Ada berapakah menu pada Konfigurasi Client ?|2|4|3|1|B|2350|2349|2360