Dimana anda bisa seting Harga postpay/personal ?|Harga -> Set Harga -> Set Paket Durasi|Harga -> Set Harga -> Set Tarif Grade|Harga -> Set Harga -> Set Basic|Harga -> Set Harga -> Set Paket Jam|B|2077|2076|2260
Bagaimana cara anda membuat kode vocher ?|Harga -> Set Harga -> Set Paket Durasi|Harga -> Kode Billing -> Buat kode Baru|Harga -> Kode Billing -> Set Kode Paket|Harga -> Set Harga -> Set Paket Jam|B|2061|2060|2251
Di mana anda bisa seting harga paket durasi sekali pakai ?|Harga -> Set Harga -> Set Paket Durasi|Harga -> Set Harga -> Set Tarif Grade|Harga -> Set Harga -> Set Basic|Harga -> Set Harga -> Set Paket Jam|A|2069|2068|2255
Apakah Fungsi Fitur ini ?|Blok Gunakan postpay ( Tidak ada penjualan postpay pada billing )|Blok Login postpay dari client|Blok paket member|Blok paket durasi|A|2041|2040|2241
Di mana anda bisa seting daftar harga kode paket ?|Harga -> Set Harga -> Set Paket Durasi|Harga -> Kode Billing -> Buat kode Baru|Harga -> Kode Billing -> Set Kode Paket|Harga -> Set Harga -> Set Paket Jam|C|2065|2064|2253
Apakah fungsi fitur ini ?|Blok Gunakan postpay ( Tidak ada penjualan postpay pada billing )|Blok Login postpay di client|Blok paket member|Blok paket durasi|B|2043|2042|2242
Di mana anda bisa seting harga paket member ?|Harga -> Set Harga -> Set Paket Durasi|Harga -> Set  Harga -> Set Paket Member|Harga -> Set Harga -> Set paket Jam|Harga -> Set Harga -> Set paket Event|B|2075|2074|2258
Apakah fungsi fitur ini ?|Menampilkan login paket waktu di client|Menampilkan login paket jam di client|Menampilkan login paket durasi di client|Menampilkan login paket member di client|C|2047|2046|2244
Di mana anda dapat membuat shortcut untuk daftar paket ?|Harga -> Set Harga -> Set Paket Durasi|Harga -> Set  Harga -> Set Paket Member|Harga -> Set Harga -> Set paket Jam|Harga -> Set Harga -> Shortcut Paket|D|2079|2078|2259
Apakah fungsi fitur ini ?|Membedakan harga paket durasi siang dan malam|Membedakan harga postpay siang dan malam|Membedakan harga paket member siang dan malam|Membedakan harga kode billing siang dan malam|B|2067|2066|2254
Di manakah letak seting menonaktifkan postpay ?|Set Basic|Set Paket member|Set Paket Grade|Set Paket Durasi|A|2055|2054|2248
Apakah fungsi fitur ini ?|Autolock setelah waktu client habis|Pause setelah waktu client habis|Autolock screen saat server di close|Waktu tetap berjalan saat pause|A|2051|2050|2246
Di mana anda bisa seting set paket malam & siang ?|Harga -> Set Harga -> Set Paket Durasi|Harga -> Set  Harga -> Set Paket Member|Harga -> Set Harga -> Set paket Jam|Harga -> Set Harga -> Set paket Event|C|2073|2072|2257
Apakah fungsi fitur ini ?|Saat Paket/prepay habis menjadi pause|Saat Paket/prepay habis menjadi  selesai|Saat Paket durasi habis menjadi paket member|Saat Paket bebas habis menjadi paket durasi|B|2063|2062|2252
Di mana anda bisa seting paket event ?|Harga -> Set Harga -> Set Paket Durasi|Harga -> Set  Harga -> Set Paket Member|Harga -> Set Harga -> Set paket Jam|Harga -> Set Harga -> Set paket Event|D|2071|2070|2256
Apakah fungsi fitur ini ?|Menambahkan paket durasi|Menambahkan paket member|Menambahkan bonus waktu untuk postpay dan prepay|Menambahkan waktu ketika billing habis|C|2045|2044|2243
Di mana anda bisa melihat ID dan pasword untuk kode billing apa bila tidak menggunakan printer ?|Set Kode Paket|Buat Kode Baru|Set harga|Log Kode|D|2057|2056|2249
Apakah fungsi fitur ini ?|Diskon untuk paket durasi|Diskon untuk paket jam|Diskon untuk postpay|Diskon untuk Semua paket|C|2053|2052|2247
Di mana letak seting login postpay dari client ?|Set Basic|Set Tarif Grade|Set Paket Durasi|Set Paket Member|A|2059|2058|2250
Apakah fungsi dari paket shortcut ?|Untuk tanda paket|Untuk shortcut di client|Untuk mempermudah pembuatan paket  ( Paket bebas,paket Tetap dan paket Waktu )|Untuk Menambahkan waktu secara cepat|C|2049|2048|2245
Lihat Gambar di bawah ini,Berapakah kelipatan harga apabila user bermain 1 jam dengan setingan tarif per unit 1.000?|1-14 menit Rp 1.000 > 15-29 menit Rp 2.000 > 30-44 menit Rp 3.000 > 45-59 menit Rp 4.000|1-19 menit Rp 1.000 > 20-39 menit Rp 2.000 > 40-49 menit Rp 3.000 > 50-59 menit Rp 4.000|1-9  menit Rp 1.000 > 10-29 menit Rp 2.000 > 30-44 menit Rp 3.000 > 45- 59 menit Rp 4.000|1-19 menit Rp 1.000 > 20-39 menit Rp 2.000 > 40-49 menit Rp 3.000 > 50-59 menit Rp 4.000|A|2366|2367|2383
Mengapa daftar harga paket durasi 0 seperti gambar di bawah ini?|Karena login dari client|Karena Billing eror|Karena Tidak di tampilkan login bebas nonmember di client|Karena sudah di lakukan transfer terima|C|2370|2369|2385
Gambar di bawah ini menunjukan setingan paket apa?|Paket member|Paket durasi|Paket Jam|Paket event|D|2374|2373|2386
Apakah fungsi fitur pada gambar yang di lingkari di bawah ini?|Gratis dibawah waktu yang di tentukan untuk paket durasi|Gratis di bawah waktu yang di tentukan untuk postpay|Gratis di bwah waktu yang di tentukan untuk paket jam|A dan C benar|B|2362|2361|2381
Lihat gambar di bawah,Huruf ( S ) yang di lingkari mengunakan fitur apa?|Penambahan waktu pada billing|Penggunaan paket Shortcut|Penggunaan paket Event|Penggunaan login postpay dari pc client|C|2372|2371|2387
Lihat gambar di bawah ini, Berapakah kelipatan harga apabila user bermain 1 jam dengan setingan tarif per unit 1.000 ?|1-19 menit Rp 1.000 > 20-39 menit Rp 2.000 > 40-59 menit Rp 3.000|1-14 menit Rp 1.000 > 15-29 menit Rp 2.000 > 30-59 menit Rp  3.000|1-19 menit Rp 1.000 > 20-39 menit Rp 3.000 > 40-59 menit Rp 3.000|1-14 menit Rp 1.000 > 15-29 menit Rp 3.000 > 40-59 menit Rp 3.000|A|2364|2363|2382
Bagaimana cara menampilkan harga untuk paket durasi seperti gambar di bawah ini?|Harga > Set Harga > Set Basic > centang gunakan login postpay dari client|Harga > Set Harga > Set Paket Durasi > Tampilkan di client jadikan YA|Harga > Set Harga > Set Paket member|Harga > Set Harga > Set Basic > Set Bonus waktu dan jumlah diskon|B|2378|2377|2389
Gambar di bawah ini terdapat pada setingan paket apa?|Paket member|Paket durasi|Paket Jam|Paket voucher/kode paket|D|2368|2367|2384
Apakah fungsi fitur pada gambar yang di lingkari di bawah ini?|Meningkatnya tarif dari waktu ke waktu dalam satuan tingkat minimum yang di tetapkan|Tarif awal untuk postpay|Tarif untuk paket event|Diskon untuk setiap penggunaan postpay|A|2380|2379|2390
Dimanakah letak seting paket special seperti gambar yang di lingkari di bawah ini?|Set paket durasi|Set paket member|Set tarif grade|Set paket event|D|2375|2376|2388