Pilihlah jawaban yang paling tepat fungsi Admin log pada menu Manajemen warnet ?|Melihat laporan aktifitas PIKA Billing|Melihat laporan penjualan|Melihat laporan PIKA Billing|Mengetahui log penjualan billing|A|2121|2120|2261
Jelaskan fungsi fitur seperti gambar di bawah ini ?|Untuk mengetahui nilai modal|Untuk mengetahui jumlah pemasukan dan pengeluaran|Untuk jumlah modal|Untuk melihat pemasukan dan pengeluaran modal warnet|B|2139|2138|2270
Fitur apa yang dapat menampilkan dan menghilangkan seperti gambar di bawah ini ?|Management warnet lalu lihat admin log|Management warnet ganti mode display|Management warnet lalu set custom display|Management warnet cari user & view message|D|2123|2122|2262
Jelaskan cara custom display pada menu manajemen warnet seperti gambar di bawah ini?|Manajemen warnet - Set custom display - Design tabel - Selesai custom display|Manajemen warnet - Ganti mode display - Selesai custom display|Manajemen warnet - Ganti mode display - Design tabel - Selesai custom display|Manajemen warnet - Custom display|A|2125|2124|2263
Terdapat di dalam fitur apakah gambar di bawah ini ?|Manajemen warnet -> penjualan Harian|Manajemen warnet -> daftar transfer/terima|Manajemen warnet -> daftar penjualan|Manajemen warnet -> admin log|C|2129|2128|2265
Apakah fungsi gambar di bawah ini pada fitur manajemen warnet?|Berfungsi mengetahui jumlah banyaknya member|Berfungsi untuk melihat keadaan jumlah member|Berfungsi untuk mengetahui informasi pemakaian detail member|Berfungsi untuk jumlah member aktif|C|2131|2130|2266
Apakah fungsi gambar di bawah ini yang paling tepat?|Untuk membeli dan menambahkan paket member|Untuk membuat member baru|Untuk menghapus paket member|Untuk mengedit paket member|A|2133|2132|2267
Jelaskan fungsi fitur seperti gambar di bawah ini?|Untuk mempermudah transaksi owner dengan operator|Untuk mempermudah laporan transaksi pendapatan warnet|Untuk melihat transaksi pendapatan warnet|Untuk melihat dan mempermudah pendapatan warnet perhari, perbulan, dan pertahun|A|2157|2156|2279
Tombol apakah pada keyboard hide sidebar PIKA seperti pada gambar di bawah ini ?|F10|F7|F5|F12|D|2135|2134|2268
Pilihlah jawaban  yang paling tepat cara menginput produk seperti gambar di bawah ini?|Klik "Baru" - masukkan data - Simpan|Masukkan data - simpan|Klik "Baru" - masukkan productnya - simpan|Klik "Baru" - masukkan data - hapus|A|2137|2136|2269
Pilih jawaban yang paling tepat  cara menampilkan Manajemen CD di PIKA Billing & cara input data CD?|Manajemen warnet -> Manajemen CD -> Masukkan data -> Simpan|Manajemen warnet -> Manajemen CD|Manajemen warnet -> Masukkan data |Manajemen warnet -> Manajemen produk|A|2141|2140|2271
Terdapat dalam fitur apakah gambar tabel  di bawah ini?|Manajemen member|Manajemen kas|Manajemen hutang|Manajemen warnet|C|2143|2142|2272
Pilihlah jawaban yang paling tepat untuk membuat member seperti gambar di bawah ini ?|Klik "Simpan" - Masukkan data member|Klik "Hapus" Setelah masukkan data member|Klik "Baru" - Masukkan data member|Klik "Baru" - Masukkan data member - Simpan|D|2145|2144|2273
Berapakah sisa waktu member yang bernama Roy ?|17:41|507:18|34:00|00:00|D|2147|2146|2274
Terdapat di fitur apakah gambar seperti di bawah ini?|Manajemen Member|Manajemen Hutang|Manajemen Produk|Manajemen CD|A|2127|2126|2264
Sebutkan fungsi gambar di bawah ini dalam fitur manajemen member?|Untuk membeli paket member|Untuk menambahkan paket member|Untuk melihat produk member|Untuk melihat informasi member|A|2149|2148|2275
Apakah fungsi fitur di bawah ini ?|Untuk masuknya dan batalnya jumlah produk yang ada di warnet|Untuk membatalkan jumlah masuknya produk yang berada di warnet|Untuk melihat data produk yang ada di warnet|Untuk melakukan pembatalan produk di warnet|B|2151|2150|2276
Pilihlah jawaban fungsi  Skin pada fitur Management Warnet seperti gambar di bawah ini ?|Mengganti tampilan warna pada PIKA Billing server|Mengganti background pada PIKA Billing server|Merubah tampilan table pada PIKA Billing server|Mengedit warna background pada PIKA Billing server|A|2155|2154|2277
Pilihlah menu di bawah ini untuk tutup buku dan melihat laporan harian?|Penjualan Harian & Daftar Penjualan|Daftar Penjualan & Admin Log|Daftar Transfer/Terima & Daftar Penjualan|Admin Log & Penjualan Harian|C|2159|2158|2280
Sebutkan warna tampilan PIKA Billing yang terdapat dalam fitur Skin di dalam manajemen warnet?|Merah - Hijau - Hitam|Kuning - Hitam - Biru|Hijau - Hitam - Kuning|Hijau - Hitam - Biru|D|2153|2152|2278
Terdapat di dalam menu apakah gambar seperti di bawah ini?|Manajemen hutang|Manajemen produk|Buku kas|Lihat admin log|C|2302|2301|2321
Berfungsi untuk apakah button repay pada menu manajemen hutang?|Untuk piutang member|Untuk hutang member|Untuk menambahkan paket|Untuk memberikan informasi hutang member|A|2304|2303|2323
Berfungsi untuk apakah button seperti gambar di bawah ini pada menu manajemen produk?|Untuk mengurutkan jenis produk|Untuk menyimpan suatu produk|Untuk mengedit banyaknya produk masuk dan keluar|Untuk menambahkan dan mengurangi produk|A|2306|2305|2322
Terdapat di menu laporan apakah gambar seperti di bawah ini?|Penjualan harian – cetak laporan|Daftar transfer terima – cetak laporan|Daftar penjualan - ctk lap singkat|Admin log – CSV report|C|2308|2307|2324 
Bagaimana cara menampilkan Detail transfer/terima seperti gambar di bawah ini ?|Klik 2 kali pada log transfer/terima|Klik 2 kali pada log admin log|Klik 2 kali pada log laporan penjualan|Klik 2 kali pada log buku kas|A|2310|2309|2325
Bagaimana menampilkan detail grafik pemakaian member seperti gambar di bawah ini ?|Pilih salah satu member klik 2 kali pada member|Pilih salah satu member klik button lihat grafik per member|Pilih salah satu member klik button grafik|Pilih salah satu member klik 2 kali button grafik per member|B|2312|2311|2326
Terdapat di dalam menu apakah contoh gambar di bawah ini?|Manajemen member|Manajemen produk|Buku kas|Laporan penjualan|D|2314|2313|2327
Terdapat dalam menu apakah contoh gambar di bawah ini?|Manajemen hutang|Manajemen produk|Manajemen CD|Manajemen Member|D|2316|2315|2328 
Pilihlah jawaban yang paling tepat yang tidak termasuk di dalam menu Manajemen warnet?|Manajemen member dan manajemen hutang|Manajemen CD dan Laporan penjualan|Konfigurasi client dan set harga|Buku kas dan lihat admin log|C|2318|2317|2329
Jelaskan cara menambahkan member ke daftar antrian seperti gambar di bawah ini?|Manajemen warnet – manajemen member - klik kiri di member tambah antrian|Manajemen warnet – manajemen member – klik kanan di member tambah antrian|Manajemen warnet – manajemen member – klik member|Manajemen warnet – manajemen member – pilih member|B|2320|2319|2330