Pada setting Server Manajemen dibawah manakah yang bisa digunakan untuk mengubah dari Pemilik ke Operator dan sebaliknya ?|Set Admin|Set Server|Ganti Admin|Tutup PIKA Billing|C|2109|2108|2281
Set Admin dibawah berfungsi untuk ?|Mengatur admin, mengganti password dan otoritas admin|Mengganti setting notice PC|Tutup Buku|Melihat Informasi Warnet|A|2111|2110|2282
Tabel dibawah digunakan untuk ?|Mereset pendapatan harian|Mengecek pendapatan perhari sebelum di terima oleh operator / pemilik|A dan B benar|B salah|C|2119|2118|2283
Dibawah ini yang bukan termasuk fungsi dari Set Server > Set Basic di bagian Server Manajemen adalah ?|Mengatur saat client sudah selesai bermain dijadikan close screen, reboot atau shutdown|Lock Screen saat PC Server mati sekian menit|Mengubah informasi dan notice Warnet|Auto shutdown saat PC Client tidak digunakan|C|2117|2116|2284
Setting tersebut digunakan untuk ?|Mengatur Lock Screen saat PC server mati|Mengatur Auto Shutdown pada pc client|Waktu akan tetap berjalan saat "Pause"|Mematikan fungsi main gratis|A|2099|2098|2285
Jika di pilih setting dibawah maka fungsi nya adalah ?|Client akan restart saat waktu client habis|Client akan shutdown saat waktu client habis|Client tidak akan menutup saat waktu client habis|Client akan tertutup tampilan PIKAClient saat waktu client habis|D|2107|2106|2286
Gambar dibawah dapat juga di artikan ?|Setelah 5 menit PC Client tidak dipakai PC Client akan mati|Setelah 5 menit PC Client tidak dipakai PC Client akan restart|Setelah 3 Menit PC Client tidak diapakai PC Client close screen|Semua salah|A|2101|2100|2287
Gambar di bawah ini digunakan untuk ?|Merubah nama warnet|Merubah notice untuk client|Mengganti warna untuk keterangan Nama warnet dan Notice client|Semua benar|D|2113|2112|2288
Untuk dapat melakukan setting dibawah dapat di lakukan dengan langkah ?|Server Manajemen > Set Server > Set Basic|Client > Konfigurasi Client > Set Client|Server Manajemen > Set Server > Set Print Scanner|Manajemen warnet > Manajemen Produk|C|2115|2114|2289
Pengaturan dibawah berfungsi sebagai, kecuali ?|Nomor client di tabel pc user akan berkedip jika client login dengan login bebas|Nomor client di tabel pc user akan berkedip saat waktu di client akan habis|Nomor client di tabel pc user akan berkedip saat client selesai main paket prepay|Tidak ada yang benar|D|2103|2102|2290
Gambar dibawah digunakan untuk pengaturan mode close screen, restart atau shutdown saat client ?|Pause|Logout|Login|Restart|A|2105|2104|2291
Gambar dibawah merupakan settingan untuk tampilan di ?|Paket member|Client Informasi|Kode Voucher|Semua salah|C|2081|2080|2292
Langkah apa yang di gunakan untuk mengatur agar waktu tetap berjalan saat client klik tombol pause ?|Server Manajemen > Set Admin|Server Manajemen > Set Admin > Set Authority Admin|Server Manajemen > Set Server > Set Basic > Checklist pada Waktu berjalan saat lock|Client > Konfigurasi Client > Set Client|C|2083|2082|2293
Untuk dapat mengubah password admin seperti gambar dibawah langkah yang harus di lakukan adalah ?|Server Manajemen > Set Server > Set Basic|Server Manajemen > Ganti Admin|Server Manajemen > Set Admin|Salah semua|C|2085|2084|2294
Jika dilakukan setting dibawah maka ?|Pemilik dapat menggunakan Pakai Gratis|Pemilik tidak dapat menggunakan Pakai Gratis|Operator tidak dapat menggunakan Pakai Gratis|Operator dapat menggunakan Pakai Gratis|D|2087|2086|2295
Untuk dapat setting Susunan Quick Menu seperti gambar dibawah maka dapat dilakukan dengan langkah ?|Server Manajemen > Set server > Set Basic > Set Quick Menu|Server Manajemen > Set Notice PC User|Server Manejemen > Set Server > Set Print Scanner|Semua salah|A|2089|2088|2296
Setting dibawah digunakan untuk ?|Mengganti password admin pemilik|Mengganti password admin operator|Mengganti password admin Manager|Semua salah|A|2091|2090|2297
Transfer / Terima adalah fitur yang di gunakan untuk menutup penjualan / reset total pendapatan warnet, fitur tersebut dapat digunakan dengan langkah ?|Server Manajemen > Set Server > Set Basic|Server Manajemen > Tutup buku|Server Manajemen > Set Admin|Server Manajemen > Ganti Admin|B|2093|2092|2298
1. Set Server 2. Server Manajemen 3. Checklist setting 4. Simpan 5. Set Basic. Untuk dapat menggunakan fitur Auto lock screen saat PC Server dimatikan dengan cara ?|1 > 3 > 4 > 5 > 2|2 > 1 > 5 > 3 > 4|2 > 1 > 5 > 4 > 3|1 > 5 > 3 > 4 > 2|B|2095|2094|2299
Untuk dapat mengatur hak otoritas Admin bisa di lakukan dengan cara ?|Client > Konfigurasi Client > Set Client|Harga > Set Harga > Set Basic|Server Manajemen > Set Admin > Set Authority Admin|Server Manajemen > Set Server > Set Basic|C|2097|2096|2300
Gambar dibawah di gunakan untuk setting ?|Mengatur menu Harga|Setting nonmember pra-paid|Shutdown PC User|Mengatur letak tombol Quick Menu|D|2410|2409|2420
Untuk setting suara warning di server dan client seperti gambar di bawah dilakukan langkah ?|Client > Konfigurasi Client > Set Client|Manajemen Warnet > Set Mode Display|Server Manajemen > Set Server > Set Voice / Sound|Harga > Set Harga > Set Basic|C|2408|2407|2419
Untuk mengatur settingan seperti gambar di bawah di lakukan langkah ?|Client > Set Client > Set Basic|Manajemen warnet > Ganti Mode Display|Harga > Set Harga > Set Basic|Server Manajemen > Set Server > Set User PC Notice|D|2404|2403|2417
Langkah apa yang harus di lakukan untuk dapat melakukan setting seperti gambar di bawah ini ?|Server Manajemen > Set Server > Set Basic|Server Manajemen > Set Server > DBBackup / Delete|Client > Konfigurasi Client > Set Server|Server Manajemen > Manajemen DB|D|2402|2401|2416
Jika disetting seperti gambar di bawah, maka apa saja yang tidak bisa dilakukan oleh admin ?|Batal Pakai Client, Berikan Produk Gratis, Hutang Saat Bayar, Batal Penjualan Produk|Manajemen point, Berikan Produk Gratis, Pause dan Restart, Paket Event|Batal Pakai Client, Paket Event,Pause dan Restart, Hutang saat bayar|Paket Event, Hutang saat bayar, Ubah Jadi member, Pause dan Restart|A|2394|2393|2412
Settingan gambar di bawah digunakan untuk ?|Setting Recovery Waktu|Backup database dan mengatur penghapusan database|Setting PC client|Mengubah database|B|2400|2399|2415
Gambar di bawah menunjukkan settingan untuk ?|Mengatur Printer Default|Print Kode Voucher|Mengubah Client|Mengatur PC Client|A|2406|2405|2418
Yang ditunjukkan oleh panah pada gambar di bawah ini menunjukkan ?|Member yang berhutang tidak bisa login|Member yang berhutang bisa login|Member bisa login sesukanya|Tidak ada batasan untuk member|A|2396|2395|2413
Gambar di bawah di gunakan untuk setting ?|Setting printer|Mencetak kode voucher|Mencetak Nota saat penjualan produk / paket|Mencetak saat ada stok masuk|C|2398|2397|2415
Settingan di bawah menunjukkan bahwa operator memiliki akses untuk setting ?|Lihat Subtotal, Setting Wizard, Recovery Listrik Padam|Recovery Listrik Padam, Pengaturan Deepfreeze, Bandwidth Management|Recovery Listrik Padam, List URL untuk blok, Status Instalasi drive|Setting Wizard, Buat Kode Billing, Hapus Buku Kas|B|2392|2391|2411